// Jest Snapshot v1, https://goo.gl/fbAQLP

exports[`Flag 1`] = `
<Text>
  Flag!
</Text>
`;
