// Jest Snapshot v1, https://goo.gl/fbAQLP

exports[`Flag 1`] = `
<View
  style={Object {}}
>
  <Text
    style={
      Object {
        "fontSize": 16,
      }
    }
  />
</View>
`;
